// Jest Snapshot v1, https://goo.gl/fbAQLP

exports[`GIVEN Breadcrumb component WHEN rendered THEN should match snapshot 1`] = `
<DocumentFragment>
  <nav
    class="breadcrumbs"
  >
    <span
      class="container"
    >
      <a
        class="breadcrumb"
      >
        Instrumentos Musicales
      </a>
       &gt; 
    </span>
    <span
      class="container"
    >
      <a
        class="breadcrumb"
      >
        Repuestos Autos y Camionetas
      </a>
    </span>
  </nav>
</DocumentFragment>
`;
